{"pool": "Top 5 weekend", "legs": 5, "target": 25, "menu": "results only", "limits": {}, "group_max": null, "slips": 637, "built_share": 1.0, "predicted_1_in": 29.1, "expected_hits": 21.9, "actual_hits": 23, "avg_odds": 25.2, "predicted_return_snai": 0.896, "actual_return_snai": 0.941}
{"pool": "Top 5 weekend", "legs": 6, "target": 25, "menu": "results only", "limits": {}, "group_max": null, "slips": 637, "built_share": 1.0, "predicted_1_in": 29.4, "expected_hits": 21.6, "actual_hits": 20, "avg_odds": 25.2, "predicted_return_snai": 0.917, "actual_return_snai": 0.848}
{"pool": "Top 5 weekend", "legs": 8, "target": 25, "menu": "results only", "limits": {}, "group_max": null, "slips": 637, "built_share": 1.0, "predicted_1_in": 31.5, "expected_hits": 20.2, "actual_hits": 23, "avg_odds": 26.4, "predicted_return_snai": 0.945, "actual_return_snai": 1.053}
{"pool": "Top 5 weekend", "legs": 10, "target": 25, "menu": "results only", "limits": {}, "group_max": null, "slips": 637, "built_share": 1.0, "predicted_1_in": 50.1, "expected_hits": 12.7, "actual_hits": 16, "avg_odds": 48.1, "predicted_return_snai": 0.953, "actual_return_snai": 1.16}
{"pool": "Top 5 weekend", "legs": 12, "target": 25, "menu": "results only", "limits": {}, "group_max": null, "slips": 637, "built_share": 1.0, "predicted_1_in": 135.2, "expected_hits": 4.7, "actual_hits": 8, "avg_odds": 142.1, "predicted_return_snai": 0.962, "actual_return_snai": 1.955}
{"pool": "Top 5 weekend", "legs": 5, "target": 25, "menu": "results + double chance", "limits": {}, "group_max": null, "slips": 637, "built_share": 1.0, "predicted_1_in": 29.1, "expected_hits": 21.9, "actual_hits": 23, "avg_odds": 25.2, "predicted_return_snai": 0.896, "actual_return_snai": 0.941}
{"pool": "Top 5 weekend", "legs": 6, "target": 25, "menu": "results + double chance", "limits": {}, "group_max": null, "slips": 637, "built_share": 1.0, "predicted_1_in": 29.4, "expected_hits": 21.7, "actual_hits": 20, "avg_odds": 25.2, "predicted_return_snai": 0.917, "actual_return_snai": 0.848}
{"pool": "Top 5 weekend", "legs": 8, "target": 25, "menu": "results + double chance", "limits": {}, "group_max": null, "slips": 637, "built_share": 1.0, "predicted_1_in": 30.6, "expected_hits": 20.8, "actual_hits": 23, "avg_odds": 25.2, "predicted_return_snai": 0.945, "actual_return_snai": 1.046}
{"pool": "Top 5 weekend", "legs": 10, "target": 25, "menu": "results + double chance", "limits": {}, "group_max": null, "slips": 637, "built_share": 1.0, "predicted_1_in": 33.4, "expected_hits": 19.1, "actual_hits": 28, "avg_odds": 25.3, "predicted_return_snai": 0.931, "actual_return_snai": 1.368}
{"pool": "Top 5 weekend", "legs": 12, "target": 25, "menu": "results + double chance", "limits": {}, "group_max": null, "slips": 637, "built_share": 1.0, "predicted_1_in": 38.6, "expected_hits": 16.5, "actual_hits": 23, "avg_odds": 25.4, "predicted_return_snai": 0.865, "actual_return_snai": 1.207}
{"pool": "Top 5 weekend", "legs": 5, "target": 25, "menu": "everything", "limits": {}, "group_max": null, "slips": 637, "built_share": 1.0, "predicted_1_in": 29.1, "expected_hits": 21.9, "actual_hits": 23, "avg_odds": 25.2, "predicted_return_snai": 0.896, "actual_return_snai": 0.941}
{"pool": "Top 5 weekend", "legs": 6, "target": 25, "menu": "everything", "limits": {}, "group_max": null, "slips": 637, "built_share": 1.0, "predicted_1_in": 29.4, "expected_hits": 21.7, "actual_hits": 19, "avg_odds": 25.2, "predicted_return_snai": 0.917, "actual_return_snai": 0.805}
{"pool": "Top 5 weekend", "legs": 8, "target": 25, "menu": "everything", "limits": {}, "group_max": null, "slips": 637, "built_share": 1.0, "predicted_1_in": 30.6, "expected_hits": 20.8, "actual_hits": 24, "avg_odds": 25.2, "predicted_return_snai": 0.946, "actual_return_snai": 1.091}
{"pool": "Top 5 weekend", "legs": 10, "target": 25, "menu": "everything", "limits": {}, "group_max": null, "slips": 637, "built_share": 1.0, "predicted_1_in": 33.2, "expected_hits": 19.2, "actual_hits": 27, "avg_odds": 25.3, "predicted_return_snai": 0.935, "actual_return_snai": 1.317}
{"pool": "Top 5 weekend", "legs": 12, "target": 25, "menu": "everything", "limits": {}, "group_max": null, "slips": 637, "built_share": 1.0, "predicted_1_in": 38.3, "expected_hits": 16.6, "actual_hits": 24, "avg_odds": 25.4, "predicted_return_snai": 0.871, "actual_return_snai": 1.258}
{"pool": "Serie A round", "legs": 5, "target": 25, "menu": "results only", "limits": {}, "group_max": null, "slips": 623, "built_share": 1.0, "predicted_1_in": 30.8, "expected_hits": 20.2, "actual_hits": 18, "avg_odds": 25.5, "predicted_return_snai": 0.855, "actual_return_snai": 0.762}
{"pool": "Serie A round", "legs": 6, "target": 25, "menu": "results only", "limits": {}, "group_max": null, "slips": 623, "built_share": 1.0, "predicted_1_in": 35.9, "expected_hits": 17.3, "actual_hits": 22, "avg_odds": 31.6, "predicted_return_snai": 0.869, "actual_return_snai": 1.047}
{"pool": "Serie A round", "legs": 7, "target": 25, "menu": "results only", "limits": {}, "group_max": null, "slips": 623, "built_share": 1.0, "predicted_1_in": 58.1, "expected_hits": 10.7, "actual_hits": 12, "avg_odds": 60.5, "predicted_return_snai": 0.87, "actual_return_snai": 0.876}
{"pool": "Serie A round", "legs": 8, "target": 25, "menu": "results only", "limits": {}, "group_max": null, "slips": 623, "built_share": 1.0, "predicted_1_in": 125.4, "expected_hits": 5.0, "actual_hits": 3, "avg_odds": 143.3, "predicted_return_snai": 0.86, "actual_return_snai": 0.663}
{"pool": "Top 5 weekend", "legs": 10, "target": 25, "menu": "everything", "limits": {"I1": [5, null]}, "group_max": null, "slips": 634, "built_share": 0.995, "predicted_1_in": 34.5, "expected_hits": 18.4, "actual_hits": 26, "avg_odds": 25.3, "predicted_return_snai": 0.901, "actual_return_snai": 1.273}
{"pool": "Top 5 weekend", "legs": 10, "target": 25, "menu": "everything", "limits": {}, "group_max": 2, "slips": 489, "built_share": 0.768, "predicted_1_in": 33.7, "expected_hits": 14.5, "actual_hits": 19, "avg_odds": 25.3, "predicted_return_snai": 0.923, "actual_return_snai": 1.207}
{"pool": "Top 5 weekend", "legs": 10, "target": 50, "menu": "results only", "limits": {}, "group_max": null, "slips": 637, "built_share": 1.0, "predicted_1_in": 70.8, "expected_hits": 9.0, "actual_hits": 9, "avg_odds": 59.4, "predicted_return_snai": 0.956, "actual_return_snai": 0.96}
